.next/types/validator.ts(51,39): error TS2307: Cannot find module '../../src/app/carta/[id]/edit/page.js' or its corresponding type declarations.
.next/types/validator.ts(60,39): error TS2307: Cannot find module '../../src/app/carta/[id]/page.js' or its corresponding type declarations.
.next/types/validator.ts(69,39): error TS2307: Cannot find module '../../src/app/carta/page.js' or its corresponding type declarations.
.next/types/validator.ts(78,39): error TS2307: Cannot find module '../../src/app/categorias/page.js' or its corresponding type declarations.
.next/types/validator.ts(96,39): error TS2307: Cannot find module '../../src/app/ingredientes/page.js' or its corresponding type declarations.
.next/types/validator.ts(114,39): error TS2307: Cannot find module '../../src/app/kds/page.js' or its corresponding type declarations.
.next/types/validator.ts(150,39): error TS2307: Cannot find module '../../src/app/pos/page.js' or its corresponding type declarations.
.next/types/validator.ts(159,39): error TS2307: Cannot find module '../../src/app/productos/page.js' or its corresponding type declarations.
src/app/promociones/page.tsx(296,49): error TS2322: Type '{ key: string; icon: ForwardRefExoticComponent<Omit<LucideProps, "ref"> & RefAttributes<SVGSVGElement>>; ... 5 more ...; dropdownItems: { ...; }[]; }' is not assignable to type 'IntrinsicAttributes & (ActionTileProps & RefAttributes<HTMLDivElement>)'.
  Property 'badgeText' does not exist on type 'IntrinsicAttributes & BaseActionTileProps & DropdownProps & RefAttributes<HTMLDivElement>'.
src/app/promociones/page.tsx(298,49): error TS17001: JSX elements cannot have multiple attributes with the same name.
